npm warn Unknown env config "http-proxy". This will stop working in the next major version of npm.

> index-local-protocol@0.1.0 test
> node --test test/*.test.mjs

This version of µWS is not compatible with your Node.js build:

Error: Cannot find module '../binaries/uws_linux_x64_137.node'
Require stack:
- /workspace/scratch/0c29f4bd3bdf/hub/.reference-work/the_index/chain/node_modules/ganache/node_modules/@trufflesuite/uws-js-unofficial/src/uws.js
- /workspace/scratch/0c29f4bd3bdf/hub/.reference-work/the_index/chain/node_modules/ganache/dist/node/core.js
Falling back to a NodeJS implementation; performance may be degraded.


▶ local protocol end to end
  ✔ register claim through chain without application API (139.36909ms)
  ✔ duplicate claim rejected (43.937088ms)
  ✔ empty commitment and missing parent rejected (70.182551ms)
  ✔ evidence commitment with independently verified BitRep binding (394.960789ms)
  ✔ duplicate evidence rejected (46.535673ms)
  ✔ invalid evidence references and relation rejected (60.793606ms)
  ✔ any participant can challenge; no truth vote (141.40008ms)
  ✔ copied evidence from another wallet is not independent corroboration (180.647472ms)
  ✔ missing and altered evidence produces no content assurance (1.168884ms)
  ✔ revision registered without rewriting original (117.311802ms)
  ✔ unauthorized withdrawal and supersession rejected (59.383572ms)
  ✔ unrelated revision and empty lifecycle reason rejected (70.096272ms)
  ✔ author supersession preserves content and events (150.569405ms)
  ✔ withdrawal preserves revised record (129.049882ms)
  ✔ second indexer matches every on-chain claim and evidence field (166.245872ms)
  ✔ contract has no upgrade authority; upgrade selector reverts (75.921421ms)
  ✔ replay across deployments rejected by contract domain (123.751747ms)
  ✔ wrong-chain signed transaction and cross-chain domain rejected (214.943137ms)
LOCAL_METRICS {"engine":"ganache 7.9.2","compiler":"0.8.30+commit.73712a01.Emscripten.clang","node":"v24.19.0","chainId":31337,"hardfork":"shanghai","optimizerRuns":200,"mode":"instant mining; loopback RPC; no consensus finality","measurements":[{"operation":"deploy","gas":"823053","fee_wei":"911466896484375","receipt_ms":114.24},{"operation":"register","gas":"96416","fee_wei":"94158872322368","receipt_ms":110.4},{"operation":"support","gas":"163228","fee_wei":"139609013355604","receipt_ms":144.55},{"operation":"challenge","gas":"142949","fee_wei":"107147633513877","receipt_ms":123.19},{"operation":"copied-support","gas":"163228","fee_wei":"107200060004180","receipt_ms":118.11},{"operation":"revision","gas":"118885","fee_wei":"68424257707910","receipt_ms":99.65},{"operation":"supersede","gas":"61586","fee_wei":"31050209125292","receipt_ms":91.34},{"operation":"withdraw","gas":"32462","fee_wei":"14329152733902","receipt_ms":87.31},{"operation":"orphan-register","gas":"96416","fee_wei":"32850023882528","receipt_ms":107.43},{"operation":"replacement-register","gas":"96404","fee_wei":"32845935346532","receipt_ms":96.56}]}
  ✔ snapshot rollback removes orphan history and depth filter delays visibility (493.097314ms)
✔ local protocol end to end (3288.329441ms)
ℹ tests 20
ℹ suites 0
ℹ pass 20
ℹ fail 0
ℹ cancelled 0
ℹ skipped 0
ℹ todo 0
ℹ duration_ms 4461.089623
