npm warn Unknown env config "http-proxy". This will stop working in the next major version of npm.

> index-local-protocol@0.1.0 test
> node --test test/*.test.mjs

This version of µWS is not compatible with your Node.js build:

Error: Cannot find module '../binaries/uws_linux_x64_137.node'
Require stack:
- /workspace/scratch/0c29f4bd3bdf/hub/.reference-work/the_index/chain/node_modules/ganache/node_modules/@trufflesuite/uws-js-unofficial/src/uws.js
- /workspace/scratch/0c29f4bd3bdf/hub/.reference-work/the_index/chain/node_modules/ganache/dist/node/core.js
Falling back to a NodeJS implementation; performance may be degraded.


▶ local protocol end to end
  ✔ register claim through chain without application API (123.363755ms)
  ✔ duplicate claim rejected (32.8271ms)
  ✔ empty commitment and missing parent rejected (54.993504ms)
  ✔ evidence commitment with independently verified BitRep binding (317.599318ms)
  ✔ duplicate evidence rejected (37.905794ms)
  ✔ invalid evidence references and relation rejected (59.320216ms)
  ✔ any participant can challenge; no truth vote (114.991738ms)
  ✔ copied evidence from another wallet is not independent corroboration (146.281669ms)
  ✔ missing and altered evidence produces no content assurance (1.041302ms)
  ✔ revision registered without rewriting original (106.025616ms)
  ✔ unauthorized withdrawal and supersession rejected (53.71276ms)
  ✔ unrelated revision and empty lifecycle reason rejected (74.874142ms)
  ✔ author supersession preserves content and events (125.041904ms)
  ✔ withdrawal preserves revised record (120.79055ms)
  ✔ second indexer matches every on-chain claim and evidence field (140.943839ms)
  ✔ contract has no upgrade authority; upgrade selector reverts (49.423504ms)
  ✔ replay across deployments rejected by contract domain (126.645791ms)
  ✔ wrong-chain signed transaction and cross-chain domain rejected (191.07692ms)
LOCAL_METRICS {"engine":"ganache 7.9.2","compiler":"0.8.30+commit.73712a01.Emscripten.clang","node":"v24.19.0","chainId":31337,"hardfork":"shanghai","optimizerRuns":200,"mode":"instant mining; loopback RPC; no consensus finality","measurements":[{"operation":"deploy","gas":"823053","fee_wei":"911466896484375","receipt_ms":123.43},{"operation":"register","gas":"96416","fee_wei":"94158872322368","receipt_ms":98.09},{"operation":"support","gas":"163228","fee_wei":"139609013355604","receipt_ms":112.82},{"operation":"challenge","gas":"142949","fee_wei":"107147633513877","receipt_ms":98.76},{"operation":"copied-support","gas":"163228","fee_wei":"107200060004180","receipt_ms":94.12},{"operation":"revision","gas":"118885","fee_wei":"68424257707910","receipt_ms":89.26},{"operation":"supersede","gas":"61586","fee_wei":"31050209125292","receipt_ms":80.18},{"operation":"withdraw","gas":"32462","fee_wei":"14329152733902","receipt_ms":75.72},{"operation":"orphan-register","gas":"96416","fee_wei":"32850023882528","receipt_ms":80.99},{"operation":"replacement-register","gas":"96404","fee_wei":"32845935346532","receipt_ms":98.52}]}
  ✔ snapshot rollback removes orphan history and depth filter delays visibility (456.620891ms)
✔ local protocol end to end (2959.661926ms)
ℹ tests 20
ℹ suites 0
ℹ pass 20
ℹ fail 0
ℹ cancelled 0
ℹ skipped 0
ℹ todo 0
ℹ duration_ms 4112.635342
